2026-09-22 06:20:55,797 | listening on 0.0.0.0:6666
2026-09-22 06:20:56.6923
process start...
loop times: 2
2026-09-22 06:20:56.69317
/usr/local/bin/python3.11
2026-09-22 06:21:04,111 | round 1 -> {'roleCommandMap': {'10010': {'action': 'build', 'targetPos': [{'x': 8, 'y': 20}], 'name': 'gatling'}, '10012': {'action': 'move', 'targetPos': [{'x': 7, 'y': 21}]}, '10011': {'action': 'move', 'targetPos': [{'x': 9, 'y': 23}]}}, 'prompt': '', 'executeCmd': ''}
2026-09-22 06:21:04,219 | round 2 -> {'roleCommandMap': {'10010': {'action': 'build', 'targetPos': [{'x': 8, 'y': 22}], 'name': 'rocket'}, '10012': {'action': 'move', 'targetPos': [{'x': 6, 'y': 20}]}, '10011': {'action': 'move', 'targetPos': [{'x': 10, 'y': 23}]}}, 'prompt': '', 'executeCmd': ''}
2026-09-22 06:21:04,276 | round 3 -> {'roleCommandMap': {'10010': {'action': 'move', 'targetPos': [{'x': 7, 'y': 20}]}, '10012': {'action': 'move', 'targetPos': [{'x': 5, 'y': 20}]}, '10011': {'action': 'move', 'targetPos': [{'x': 11, 'y': 22}]}}, 'prompt': '', 'executeCmd': ''}
2026-09-22 06:21:04,333 | round 4 -> {'roleCommandMap': {'10010': {'action': 'build', 'targetPos': [{'x': 8, 'y': 21}], 'name': 'railgun'}, '10012': {'action': 'collect', 'targetPos': [{'x': 4, 'y': 19}]}, '10011': {'action': 'move', 'targetPos': [{'x': 11, 'y': 21}]}}, 'prompt': '', 'executeCmd': ''}
2026-09-22 06:21:04,363 | round 5 -> {'roleCommandMap': {'10010': {'action': 'move', 'targetPos': [{'x': 6, 'y': 20}]}, '10012': {'action': 'collect', 'targetPos': [{'x': 4, 'y': 19}]}, '10011': {'action': 'move', 'targetPos': [{'x': 11, 'y': 20}]}}, 'prompt': '', 'executeCmd': ''}
2026-09-22 06:21:04,402 | round 6 -> {'roleCommandMap': {'10010': {'action': 'move', 'targetPos': [{'x': 5, 'y': 21}]}, '10012': {'action': 'collect', 'targetPos': [{'x': 4, 'y': 19}]}, '10011': {'action': 'move', 'targetPos': [{'x': 12, 'y': 19}]}}, 'prompt': '', 'executeCmd': ''}
2026-09-22 06:21:04,428 | round 7 -> {'roleCommandMap': {'10010': {'action': 'move', 'targetPos': [{'x': 4, 'y': 21}]}, '10012': {'action': 'collect', 'targetPos': [{'x': 4, 'y': 19}]}, '10011': {'action': 'move', 'targetPos': [{'x': 13, 'y': 18}]}}, 'prompt': '', 'executeCmd': ''}
2026-09-22 06:21:04,461 | round 8 -> {'roleCommandMap': {'10010': {'action': 'collect', 'targetPos': [{'x': 3, 'y': 22}]}, '10012': {'action': 'collect', 'targetPos': [{'x': 4, 'y': 19}]}, '10011': {'action': 'move', 'targetPos': [{'x': 14, 'y': 17}]}}, 'prompt': '', 'executeCmd': ''}
2026-09-22 06:21:04,490 | round 9 -> {'roleCommandMap': {'10010': {'action': 'collect', 'targetPos': [{'x': 3, 'y': 22}]}, '10012': {'action': 'collect', 'targetPos': [{'x': 4, 'y': 19}]}, '10011': {'action': 'move', 'targetPos': [{'x': 15, 'y': 16}]}}, 'prompt': '', 'executeCmd': ''}
2026-09-22 06:21:04,514 | round 10 -> {'roleCommandMap': {'10010': {'action': 'collect', 'targetPos': [{'x': 3, 'y': 22}]}, '10012': {'action': 'collect', 'targetPos': [{'x': 4, 'y': 19}]}, '10011': {'action': 'acceptTask'}}, 'prompt': '', 'executeCmd': ''}
2026-09-22 06:21:05,720 | round 11 -> {'roleCommandMap': {'10010': {'action': 'collect', 'targetPos': [{'x': 3, 'y': 22}]}, '10012': {'action': 'collect', 'targetPos': [{'x': 4, 'y': 19}]}}, 'prompt': '', 'executeCmd': 'cat task_1_alpha.md'}
2026-09-22 06:21:07,720 | round 12 -> {'roleCommandMap': {'10010': {'action': 'collect', 'targetPos': [{'x': 3, 'y': 22}]}, '10012': {'action': 'collect', 'targetPos': [{'x': 4, 'y': 19}]}}, 'prompt': '', 'executeCmd': 'find / -name "task_1_alpha.md" -type f 2>/dev/null'}
2026-09-22 06:21:22,751 | round 13 -> {'roleCommandMap': {'10010': {'action': 'collect', 'targetPos': [{'x': 3, 'y': 22}]}, '10012': {'action': 'collect', 'targetPos': [{'x': 4, 'y': 19}]}}, 'prompt': '', 'executeCmd': 'ls -la /home/ /tmp/ 2>/dev/null'}
2026-09-22 06:21:22,796 | round 14 -> {'roleCommandMap': {'10010': {'action': 'move', 'targetPos': [{'x': 5, 'y': 21}]}, '10012': {'action': 'move', 'targetPos': [{'x': 4, 'y': 20}]}}, 'prompt': '', 'executeCmd': 'find / -name "spec.md" -type f 2>/dev/null | head -1'}
2026-09-22 06:21:23,615 | round 15 -> {'roleCommandMap': {'10010': {'action': 'move', 'targetPos': [{'x': 6, 'y': 20}]}, '10012': {'action': 'move', 'targetPos': [{'x': 4, 'y': 21}]}}, 'prompt': '', 'executeCmd': ''}
2026-09-22 06:21:23,646 | round 16 -> {'roleCommandMap': {'10010': {'action': 'move', 'targetPos': [{'x': 7, 'y': 19}]}, '10012': {'action': 'collect', 'targetPos': [{'x': 3, 'y': 22}]}}, 'prompt': '任务描述：请阅读task_1_alpha.md，获取任务信息\n沙盒执行结果：\n  [1] [exitCode:1]\ncat: task_1_alpha.md: No such file or directory\n\n  [2] [TIMEOUT]\n\n  [3] [exitCode:0]\n/home/:\ntotal 8\ndrwxr-xr-x  3 root              root              4096 Sep 22 14:20 .\ndrwxr-xr-x 12 root              root              4096 Sep 22 14:20 ..\ndrwxrwxrwt  2 codecraft-sbx1001 codecraft-sbx1001   40 Sep 22 14:20 sbx\n\n/tmp/:\ntotal 4\ndrwxrwxrwt  3 root root   60 Sep 22 14:21 .\ndrwxr-xr-x 12 root root 4096 Sep 22 14:20 ..\ndrwxr-xr-x  3 root root   60 Sep 22 14:21 selfEvolutionTask\n\n  [4] [exitCode:0]\n/tmp/selfEvolutionTask/1-fixed-step/2-engineering-fix/ws_1/spec.md\n\n请根据以上信息给出任务的答案。\n请直接给出答案，不要返回操作步骤或说明文本。', 'executeCmd': ''}
2026-09-22 06:21:25,635 | round 17 -> {'roleCommandMap': {'10010': {'action': 'move', 'targetPos': [{'x': 8, 'y': 18}]}, '10012': {'action': 'collect', 'targetPos': [{'x': 3, 'y': 22}]}, '10011': {'action': 'submitAnswer', 'taskAnswer': '/tmp/selfEvolutionTask/1-fixed-step/2-engineering-fix/ws_1/spec.md'}}, 'prompt': '', 'executeCmd': ''}
2026-09-22 06:21:25,659 | round 18 -> {'roleCommandMap': {'10010': {'action': 'move', 'targetPos': [{'x': 9, 'y': 18}]}, '10012': {'action': 'collect', 'targetPos': [{'x': 3, 'y': 22}]}}, 'prompt': '', 'executeCmd': ''}
2026-09-22 06:21:25,677 | round 19 -> {'roleCommandMap': {'10010': {'action': 'move', 'targetPos': [{'x': 10, 'y': 19}]}, '10012': {'action': 'collect', 'targetPos': [{'x': 3, 'y': 22}]}}, 'prompt': '', 'executeCmd': ''}
2026-09-22 06:21:25,699 | round 20 -> {'roleCommandMap': {'10010': {'action': 'move', 'targetPos': [{'x': 11, 'y': 20}]}, '10012': {'action': 'move', 'targetPos': [{'x': 5, 'y': 20}]}}, 'prompt': '', 'executeCmd': ''}
2026-09-22 06:21:26,329 | round 21 -> {'roleCommandMap': {'10010': {'action': 'build', 'targetPos': [{'x': 12, 'y': 21}], 'name': 'wall'}, '10012': {'action': 'move', 'targetPos': [{'x': 6, 'y': 19}]}}, 'prompt': '', 'executeCmd': ''}
2026-09-22 06:21:26,363 | round 22 -> {'roleCommandMap': {'10010': {'action': 'move', 'targetPos': [{'x': 11, 'y': 21}]}, '10012': {'action': 'move', 'targetPos': [{'x': 7, 'y': 18}]}}, 'prompt': '', 'executeCmd': ''}
2026-09-22 06:21:26,382 | round 23 -> {'roleCommandMap': {'10010': {'action': 'build', 'targetPos': [{'x': 12, 'y': 22}], 'name': 'wall'}, '10012': {'action': 'move', 'targetPos': [{'x': 8, 'y': 19}]}}, 'prompt': '', 'executeCmd': ''}
2026-09-22 06:21:26,404 | round 24 -> {'roleCommandMap': {'10010': {'action': 'move', 'targetPos': [{'x': 11, 'y': 22}]}, '10012': {'action': 'move', 'targetPos': [{'x': 7, 'y': 20}]}}, 'prompt': '', 'executeCmd': ''}
2026-09-22 06:21:26,427 | round 25 -> {'roleCommandMap': {'10010': {'action': 'build', 'targetPos': [{'x': 12, 'y': 23}], 'name': 'wall'}, '10012': {'action': 'move', 'targetPos': [{'x': 6, 'y': 21}]}}, 'prompt': '', 'executeCmd': ''}
2026-09-22 06:21:26,446 | round 26 -> {'roleCommandMap': {'10010': {'action': 'move', 'targetPos': [{'x': 10, 'y': 23}]}, '10012': {'action': 'move', 'targetPos': [{'x': 7, 'y': 22}]}}, 'prompt': '', 'executeCmd': ''}
2026-09-22 06:21:26,471 | round 27 -> {'roleCommandMap': {'10010': {'action': 'move', 'targetPos': [{'x': 9, 'y': 23}]}, '10012': {'action': 'move', 'targetPos': [{'x': 8, 'y': 23}]}}, 'prompt': '', 'executeCmd': ''}
2026-09-22 06:21:26,492 | round 28 -> {'roleCommandMap': {'10010': {'action': 'move', 'targetPos': [{'x': 8, 'y': 24}]}, '10012': {'action': 'build', 'targetPos': [{'x': 7, 'y': 24}], 'name': 'wall'}}, 'prompt': '', 'executeCmd': ''}
2026-09-22 06:21:26,513 | round 29 -> {'roleCommandMap': {'10010': {'action': 'build', 'targetPos': [{'x': 9, 'y': 24}], 'name': 'wall'}, '10012': {'action': 'move', 'targetPos': [{'x': 9, 'y': 23}]}}, 'prompt': '', 'executeCmd': ''}
2026-09-22 06:21:26,539 | round 30 -> {'roleCommandMap': {'10010': {'action': 'move', 'targetPos': [{'x': 9, 'y': 25}]}, '10012': {'action': 'build', 'targetPos': [{'x': 10, 'y': 24}], 'name': 'wall'}}, 'prompt': '', 'executeCmd': ''}
2026-09-22 06:21:26,575 | round 31 -> {'roleCommandMap': {'10010': {'action': 'build', 'targetPos': [{'x': 8, 'y': 24}], 'name': 'wall'}, '10012': {'action': 'move', 'targetPos': [{'x': 10, 'y': 23}]}}, 'prompt': '', 'executeCmd': ''}
2026-09-22 06:21:26,595 | round 32 -> {'roleCommandMap': {'10010': {'action': 'move', 'targetPos': [{'x': 10, 'y': 25}]}, '10012': {'action': 'build', 'targetPos': [{'x': 11, 'y': 24}], 'name': 'wall'}}, 'prompt': '', 'executeCmd': ''}
2026-09-22 06:21:26,611 | round 33 -> {'roleCommandMap': {'10010': {'action': 'move', 'targetPos': [{'x': 11, 'y': 25}]}, '10012': {'action': 'move', 'targetPos': [{'x': 11, 'y': 23}]}, '10011': {'action': 'acceptTask'}}, 'prompt': '', 'executeCmd': ''}
2026-09-22 06:21:26,628 | round 34 -> {'roleCommandMap': {'10010': {'action': 'build', 'targetPos': [{'x': 12, 'y': 24}], 'name': 'wall'}, '10012': {'action': 'move', 'targetPos': [{'x': 11, 'y': 22}]}}, 'prompt': '', 'executeCmd': ''}
2026-09-22 06:21:26,649 | round 35 -> {'roleCommandMap': {'10010': {'action': 'move', 'targetPos': [{'x': 10, 'y': 26}]}, '10012': {'action': 'move', 'targetPos': [{'x': 11, 'y': 21}]}}, 'prompt': '', 'executeCmd': ''}
2026-09-22 06:21:26,666 | round 36 -> {'roleCommandMap': {'10010': {'action': 'move', 'targetPos': [{'x': 9, 'y': 27}]}, '10012': {'action': 'move', 'targetPos': [{'x': 11, 'y': 20}]}}, 'prompt': '', 'executeCmd': ''}
2026-09-22 06:21:26,684 | round 37 -> {'roleCommandMap': {'10010': {'action': 'move', 'targetPos': [{'x': 8, 'y': 28}]}, '10012': {'action': 'build', 'targetPos': [{'x': 12, 'y': 19}], 'name': 'wall'}}, 'prompt': '', 'executeCmd': ''}
2026-09-22 06:21:26,698 | round 38 -> {'roleCommandMap': {'10010': {'action': 'move', 'targetPos': [{'x': 8, 'y': 29}]}, '10012': {'action': 'move', 'targetPos': [{'x': 10, 'y': 19}]}}, 'prompt': '', 'executeCmd': ''}
2026-09-22 06:21:26,717 | round 39 -> {'roleCommandMap': {'10010': {'action': 'collect', 'targetPos': [{'x': 9, 'y': 30}]}, '10012': {'action': 'move', 'targetPos': [{'x': 9, 'y': 18}]}}, 'prompt': '', 'executeCmd': ''}
2026-09-22 06:21:26,733 | round 40 -> {'roleCommandMap': {'10010': {'action': 'collect', 'targetPos': [{'x': 9, 'y': 30}]}, '10012': {'action': 'move', 'targetPos': [{'x': 8, 'y': 17}]}}, 'prompt': '', 'executeCmd': ''}
2026-09-22 06:21:26,750 | round 41 -> {'roleCommandMap': {'10010': {'action': 'collect', 'targetPos': [{'x': 9, 'y': 30}]}, '10012': {'action': 'move', 'targetPos': [{'x': 7, 'y': 16}]}}, 'prompt': '', 'executeCmd': ''}
2026-09-22 06:21:26,766 | round 42 -> {'roleCommandMap': {'10010': {'action': 'collect', 'targetPos': [{'x': 9, 'y': 30}]}, '10012': {'action': 'move', 'targetPos': [{'x': 6, 'y': 16}]}}, 'prompt': '', 'executeCmd': ''}
2026-09-22 06:21:26,783 | round 43 -> {'roleCommandMap': {'10010': {'action': 'collect', 'targetPos': [{'x': 9, 'y': 30}]}, '10012': {'action': 'move', 'targetPos': [{'x': 5, 'y': 17}]}}, 'prompt': '', 'executeCmd': ''}
2026-09-22 06:21:26,798 | round 44 -> {'roleCommandMap': {'10010': {'action': 'collect', 'targetPos': [{'x': 9, 'y': 30}]}, '10012': {'action': 'move', 'targetPos': [{'x': 4, 'y': 18}]}}, 'prompt': '', 'executeCmd': ''}
2026-09-22 06:21:26,817 | round 45 -> {'roleCommandMap': {'10010': {'action': 'move', 'targetPos': [{'x': 9, 'y': 28}]}, '10012': {'action': 'move', 'targetPos': [{'x': 3, 'y': 19}]}}, 'prompt': '', 'executeCmd': ''}
2026-09-22 06:21:26,829 | round 46 -> {'roleCommandMap': {'10010': {'action': 'move', 'targetPos': [{'x': 10, 'y': 27}]}, '10012': {'action': 'move', 'targetPos': [{'x': 2, 'y': 20}]}}, 'prompt': '', 'executeCmd': ''}
2026-09-22 06:21:26,845 | round 47 -> {'roleCommandMap': {'10010': {'action': 'move', 'targetPos': [{'x': 11, 'y': 26}]}, '10012': {'action': 'collect', 'targetPos': [{'x': 1, 'y': 21}]}}, 'prompt': '', 'executeCmd': ''}
2026-09-22 06:21:26,857 | round 48 -> {'roleCommandMap': {'10010': {'action': 'move', 'targetPos': [{'x': 12, 'y': 25}]}, '10012': {'action': 'collect', 'targetPos': [{'x': 1, 'y': 21}]}}, 'prompt': '', 'executeCmd': ''}
2026-09-22 06:21:27,462 | round 49 -> {'roleCommandMap': {'10010': {'action': 'move', 'targetPos': [{'x': 13, 'y': 24}]}, '10012': {'action': 'collect', 'targetPos': [{'x': 1, 'y': 21}]}}, 'prompt': '', 'executeCmd': ''}
2026-09-22 06:21:27,475 | round 50 -> {'roleCommandMap': {'10010': {'action': 'move', 'targetPos': [{'x': 13, 'y': 23}]}, '10012': {'action': 'collect', 'targetPos': [{'x': 1, 'y': 21}]}}, 'prompt': '', 'executeCmd': ''}
2026-09-22 06:21:39,028 | round 51 -> {'roleCommandMap': {'10010': {'action': 'move', 'targetPos': [{'x': 13, 'y': 22}]}, '10012': {'action': 'collect', 'targetPos': [{'x': 1, 'y': 21}]}}, 'prompt': '', 'executeCmd': ''}
2026-09-22 06:21:39,040 | round 52 -> {'roleCommandMap': {'10010': {'action': 'move', 'targetPos': [{'x': 13, 'y': 21}]}, '10012': {'action': 'collect', 'targetPos': [{'x': 1, 'y': 21}]}}, 'prompt': '', 'executeCmd': ''}
2026-09-22 06:21:39,058 | round 53 -> {'roleCommandMap': {'10010': {'action': 'move', 'targetPos': [{'x': 12, 'y': 20}]}, '10012': {'action': 'move', 'targetPos': [{'x': 3, 'y': 19}]}}, 'prompt': '', 'executeCmd': ''}
2026-09-22 06:21:39,072 | round 54 -> {'roleCommandMap': {'10010': {'action': 'build', 'targetPos': [{'x': 11, 'y': 19}], 'name': 'wall'}, '10012': {'action': 'move', 'targetPos': [{'x': 4, 'y': 18}]}}, 'prompt': '', 'executeCmd': ''}
2026-09-22 06:21:39,086 | round 55 -> {'roleCommandMap': {'10010': {'action': 'move', 'targetPos': [{'x': 11, 'y': 20}]}, '10012': {'action': 'move', 'targetPos': [{'x': 5, 'y': 17}]}}, 'prompt': '', 'executeCmd': ''}
2026-09-22 06:21:39,099 | round 56 -> {'roleCommandMap': {'10010': {'action': 'build', 'targetPos': [{'x': 10, 'y': 19}], 'name': 'wall'}, '10012': {'action': 'move', 'targetPos': [{'x': 6, 'y': 17}]}}, 'prompt': '', 'executeCmd': ''}
2026-09-22 06:21:39,116 | round 57 -> {'roleCommandMap': {'10010': {'action': 'move', 'targetPos': [{'x': 10, 'y': 20}]}, '10012': {'action': 'move', 'targetPos': [{'x': 7, 'y': 18}]}}, 'prompt': '', 'executeCmd': ''}
2026-09-22 06:21:39,135 | round 58 -> {'roleCommandMap': {'10010': {'action': 'build', 'targetPos': [{'x': 9, 'y': 19}], 'name': 'wall'}, '10012': {'action': 'build', 'targetPos': [{'x': 8, 'y': 19}], 'name': 'wall'}}, 'prompt': '', 'executeCmd': ''}
2026-09-22 06:21:39,147 | round 59 -> {'roleCommandMap': {'10010': {'action': 'move', 'targetPos': [{'x': 11, 'y': 21}]}, '10012': {'action': 'build', 'targetPos': [{'x': 7, 'y': 19}], 'name': 'wall'}}, 'prompt': '', 'executeCmd': ''}
2026-09-22 06:21:39,163 | round 60 -> {'roleCommandMap': {'10010': {'action': 'move', 'targetPos': [{'x': 11, 'y': 22}]}, '10012': {'action': 'move', 'targetPos': [{'x': 6, 'y': 19}]}}, 'prompt': '', 'executeCmd': ''}
2026-09-22 06:21:39,179 | round 61 -> {'roleCommandMap': {'10010': {'action': 'move', 'targetPos': [{'x': 10, 'y': 23}]}, '10012': {'action': 'move', 'targetPos': [{'x': 5, 'y': 20}]}}, 'prompt': '', 'executeCmd': ''}
2026-09-22 06:21:39,794 | round 62 -> {'roleCommandMap': {'10010': {'action': 'move', 'targetPos': [{'x': 9, 'y': 23}]}, '10012': {'action': 'move', 'targetPos': [{'x': 6, 'y': 21}]}}, 'prompt': '', 'executeCmd': ''}
2026-09-22 06:21:39,805 | round 63 -> {'roleCommandMap': {'10010': {'action': 'move', 'targetPos': [{'x': 8, 'y': 23}]}, '10012': {'action': 'move', 'targetPos': [{'x': 7, 'y': 22}]}}, 'prompt': '', 'executeCmd': ''}
2026-09-22 06:21:44,184 | round 64 -> {'roleCommandMap': {'10010': {'action': 'build', 'targetPos': [{'x': 7, 'y': 23}], 'name': 'wall'}, '10012': {'action': 'build', 'targetPos': [{'x': 7, 'y': 21}], 'name': 'wall'}}, 'prompt': '', 'executeCmd': ''}
2026-09-22 06:21:44,197 | round 65 -> {'roleCommandMap': {'10010': {'action': 'move', 'targetPos': [{'x': 9, 'y': 23}]}, '10012': {'action': 'move', 'targetPos': [{'x': 6, 'y': 21}]}}, 'prompt': '', 'executeCmd': ''}
2026-09-22 06:21:44,208 | round 66 -> {'roleCommandMap': {'10010': {'action': 'move', 'targetPos': [{'x': 8, 'y': 23}]}, '10012': {'action': 'build', 'targetPos': [{'x': 7, 'y': 22}], 'name': 'wall'}}, 'prompt': '', 'executeCmd': ''}
2026-09-22 06:21:44,220 | round 67 -> {'roleCommandMap': {'10010': {'action': 'move', 'targetPos': [{'x': 9, 'y': 23}]}, '10012': {'action': 'build', 'targetPos': [{'x': 7, 'y': 20}], 'name': 'wall'}}, 'prompt': '', 'executeCmd': ''}
2026-09-22 06:21:44,231 | round 68 -> {'roleCommandMap': {'10010': {'action': 'move', 'targetPos': [{'x': 10, 'y': 23}]}, '10012': {'action': 'move', 'targetPos': [{'x': 5, 'y': 22}]}}, 'prompt': '', 'executeCmd': ''}
2026-09-22 06:21:44,242 | round 69 -> {'roleCommandMap': {'10010': {'action': 'move', 'targetPos': [{'x': 11, 'y': 22}]}, '10012': {'action': 'move', 'targetPos': [{'x': 6, 'y': 23}]}}, 'prompt': '', 'executeCmd': ''}
2026-09-22 06:21:44,259 | round 70 -> {'roleCommandMap': {'10010': {'action': 'move', 'targetPos': [{'x': 11, 'y': 21}]}, '10012': {'action': 'collect', 'targetPos': [{'x': 6, 'y': 24}]}}, 'prompt': '', 'executeCmd': ''}
2026-09-22 06:21:44,323 | round 71 -> {'roleCommandMap': {'10010': {'action': 'move', 'targetPos': [{'x': 10, 'y': 20}]}, '10012': {'action': 'move', 'targetPos': [{'x': 6, 'y': 22}]}, '10011': {'action': 'move', 'targetPos': [{'x': 14, 'y': 17}]}}, 'prompt': '', 'executeCmd': ''}
2026-09-22 06:21:44,352 | round 72 -> {'roleCommandMap': {'10010': {'action': 'move', 'targetPos': [{'x': 9, 'y': 20}]}, '10012': {'action': 'move', 'targetPos': [{'x': 6, 'y': 21}]}, '10011': {'action': 'move', 'targetPos': [{'x': 13, 'y': 18}]}}, 'prompt': '', 'executeCmd': ''}
2026-09-22 06:21:44,376 | round 73 -> {'roleCommandMap': {'10010': {'action': 'move', 'targetPos': [{'x': 10, 'y': 20}]}, '10012': {'action': 'move', 'targetPos': [{'x': 5, 'y': 20}]}, '10011': {'action': 'move', 'targetPos': [{'x': 13, 'y': 19}]}}, 'prompt': '', 'executeCmd': ''}
2026-09-22 06:21:44,400 | round 74 -> {'roleCommandMap': {'10010': {'action': 'move', 'targetPos': [{'x': 9, 'y': 20}]}, '10012': {'action': 'move', 'targetPos': [{'x': 6, 'y': 19}]}, '10011': {'action': 'move', 'targetPos': [{'x': 12, 'y': 20}]}}, 'prompt': '', 'executeCmd': ''}
2026-09-22 06:21:44,503 | round 75 -> {'roleCommandMap': {'10010': {'action': 'move', 'targetPos': [{'x': 10, 'y': 20}]}, '10011': {'action': 'move', 'targetPos': [{'x': 11, 'y': 21}]}}, 'prompt': '', 'executeCmd': ''}
2026-09-22 06:21:44,613 | round 76 -> {'roleCommandMap': {'10010': {'action': 'move', 'targetPos': [{'x': 9, 'y': 20}]}, '10011': {'action': 'move', 'targetPos': [{'x': 11, 'y': 22}]}}, 'prompt': '', 'executeCmd': ''}
2026-09-22 06:21:44,844 | round 77 -> {'roleCommandMap': {'10011': {'action': 'move', 'targetPos': [{'x': 10, 'y': 23}]}}, 'prompt': '', 'executeCmd': ''}
2026-09-22 06:21:45,020 | round 78 -> {'roleCommandMap': {'10011': {'action': 'move', 'targetPos': [{'x': 9, 'y': 23}]}}, 'prompt': '', 'executeCmd': ''}
2026-09-22 06:21:45,157 | round 79 -> {'roleCommandMap': {'10010': {'action': 'move', 'targetPos': [{'x': 10, 'y': 20}]}, '10040': {'action': 'attack', 'targetPos': [{'x': 15, 'y': 22}], 'controllerId': '10011'}, '10012': {'action': 'move', 'targetPos': [{'x': 7, 'y': 18}]}}, 'prompt': '', 'executeCmd': ''}
2026-09-22 06:21:45,260 | round 80 -> {'roleCommandMap': {'10011': {'action': 'move', 'targetPos': [{'x': 8, 'y': 23}]}, '10010': {'action': 'move', 'targetPos': [{'x': 9, 'y': 20}]}, '10012': {'action': 'move', 'targetPos': [{'x': 8, 'y': 18}]}}, 'prompt': '', 'executeCmd': ''}
2026-09-22 06:21:45,283 | round 81 -> {'roleCommandMap': {'10030': {'action': 'attack', 'targetPos': [{'x': 13, 'y': 23}], 'controllerId': '10010'}, '10012': {'action': 'move', 'targetPos': [{'x': 9, 'y': 18}]}}, 'prompt': '', 'executeCmd': ''}
2026-09-22 06:21:45,307 | round 82 -> {'roleCommandMap': {'10030': {'action': 'attack', 'targetPos': [{'x': 13, 'y': 24}], 'controllerId': '10010'}, '10012': {'action': 'move', 'targetPos': [{'x': 10, 'y': 18}]}}, 'prompt': '', 'executeCmd': ''}
2026-09-22 06:21:45,326 | round 83 -> {'roleCommandMap': {'10030': {'action': 'attack', 'targetPos': [{'x': 12, 'y': 25}], 'controllerId': '10010'}, '10040': {'action': 'attack', 'targetPos': [{'x': 12, 'y': 25}], 'controllerId': '10011'}, '10012': {'action': 'move', 'targetPos': [{'x': 11, 'y': 18}]}}, 'prompt': '', 'executeCmd': ''}
2026-09-22 06:21:45,349 | round 84 -> {'roleCommandMap': {'10030': {'action': 'attack', 'targetPos': [{'x': 12, 'y': 25}], 'controllerId': '10010'}, '10012': {'action': 'move', 'targetPos': [{'x': 12, 'y': 18}]}}, 'prompt': '', 'executeCmd': ''}
2026-09-22 06:21:45,370 | round 85 -> {'roleCommandMap': {'10030': {'action': 'attack', 'targetPos': [{'x': 11, 'y': 25}], 'controllerId': '10010'}, '10012': {'action': 'move', 'targetPos': [{'x': 13, 'y': 19}]}}, 'prompt': '', 'executeCmd': ''}
2026-09-22 06:21:45,388 | round 86 -> {'roleCommandMap': {'10030': {'action': 'attack', 'targetPos': [{'x': 11, 'y': 25}], 'controllerId': '10010'}, '10012': {'action': 'move', 'targetPos': [{'x': 13, 'y': 19}]}}, 'prompt': '', 'executeCmd': ''}
2026-09-22 06:21:45,406 | round 87 -> {'roleCommandMap': {'10030': {'action': 'attack', 'targetPos': [{'x': 10, 'y': 25}], 'controllerId': '10010'}, '10040': {'action': 'attack', 'targetPos': [{'x': 10, 'y': 25}], 'controllerId': '10011'}, '10012': {'action': 'move', 'targetPos': [{'x': 13, 'y': 19}]}}, 'prompt': '', 'executeCmd': ''}
2026-09-22 06:21:45,422 | round 88 -> {'roleCommandMap': {'10030': {'action': 'attack', 'targetPos': [{'x': 9, 'y': 25}], 'controllerId': '10010'}, '10012': {'action': 'move', 'targetPos': [{'x': 13, 'y': 19}]}}, 'prompt': '', 'executeCmd': ''}
2026-09-22 06:21:45,440 | round 89 -> {'roleCommandMap': {'10030': {'action': 'attack', 'targetPos': [{'x': 10, 'y': 25}], 'controllerId': '10010'}, '10012': {'action': 'move', 'targetPos': [{'x': 13, 'y': 19}]}}, 'prompt': '', 'executeCmd': ''}
2026-09-22 06:21:45,457 | round 90 -> {'roleCommandMap': {'10030': {'action': 'attack', 'targetPos': [{'x': 10, 'y': 25}], 'controllerId': '10010'}, '10012': {'action': 'move', 'targetPos': [{'x': 13, 'y': 19}]}}, 'prompt': '', 'executeCmd': ''}
2026-09-22 06:21:45,475 | round 91 -> {'roleCommandMap': {'10030': {'action': 'attack', 'targetPos': [{'x': 9, 'y': 25}], 'controllerId': '10010'}, '10040': {'action': 'attack', 'targetPos': [{'x': 9, 'y': 25}], 'controllerId': '10011'}, '10012': {'action': 'move', 'targetPos': [{'x': 13, 'y': 19}]}}, 'prompt': '', 'executeCmd': ''}
2026-09-22 06:21:45,497 | round 92 -> {'roleCommandMap': {'10030': {'action': 'attack', 'targetPos': [{'x': 11, 'y': 25}], 'controllerId': '10010'}, '10012': {'action': 'move', 'targetPos': [{'x': 13, 'y': 19}]}}, 'prompt': '', 'executeCmd': ''}
2026-09-22 06:21:45,522 | round 93 -> {'roleCommandMap': {'10030': {'action': 'attack', 'targetPos': [{'x': 12, 'y': 25}], 'controllerId': '10010'}, '10012': {'action': 'move', 'targetPos': [{'x': 13, 'y': 19}]}}, 'prompt': '', 'executeCmd': ''}
2026-09-22 06:21:45,557 | round 94 -> {'roleCommandMap': {'10030': {'action': 'attack', 'targetPos': [{'x': 10, 'y': 25}], 'controllerId': '10010'}, '10012': {'action': 'move', 'targetPos': [{'x': 13, 'y': 19}]}}, 'prompt': '', 'executeCmd': ''}
2026-09-22 06:21:45,583 | round 95 -> {'roleCommandMap': {'10030': {'action': 'attack', 'targetPos': [{'x': 12, 'y': 25}], 'controllerId': '10010'}, '10040': {'action': 'attack', 'targetPos': [{'x': 10, 'y': 25}], 'controllerId': '10011'}, '10012': {'action': 'move', 'targetPos': [{'x': 13, 'y': 19}]}}, 'prompt': '', 'executeCmd': ''}
2026-09-22 06:21:45,605 | round 96 -> {'roleCommandMap': {'10030': {'action': 'attack', 'targetPos': [{'x': 12, 'y': 21}], 'controllerId': '10010'}}, 'prompt': '', 'executeCmd': ''}
2026-09-22 06:21:45,631 | round 97 -> {'roleCommandMap': {'10020': {'action': 'attack', 'targetPos': [{'x': 11, 'y': 21}], 'controllerId': '10010'}}, 'prompt': '', 'executeCmd': ''}
2026-09-22 06:21:45,646 | round 98 -> {'roleCommandMap': {'10020': {'action': 'attack', 'targetPos': [{'x': 11, 'y': 21}], 'controllerId': '10010'}}, 'prompt': '', 'executeCmd': ''}
2026-09-22 06:21:45,665 | round 99 -> {'roleCommandMap': {'10020': {'action': 'attack', 'targetPos': [{'x': 11, 'y': 18}], 'controllerId': '10010'}, '10040': {'action': 'attack', 'targetPos': [{'x': 10, 'y': 25}], 'controllerId': '10011'}}, 'prompt': '', 'executeCmd': ''}
2026-09-22 06:21:45,682 | round 100 -> {'roleCommandMap': {'10020': {'action': 'attack', 'targetPos': [{'x': 11, 'y': 17}], 'controllerId': '10010'}}, 'prompt': '', 'executeCmd': ''}
2026-09-22 06:21:45,699 | round 101 -> {'roleCommandMap': {'10020': {'action': 'attack', 'targetPos': [{'x': 10, 'y': 18}], 'controllerId': '10010'}}, 'prompt': '', 'executeCmd': ''}
2026-09-22 06:21:45,715 | round 102 -> {'roleCommandMap': {'10020': {'action': 'attack', 'targetPos': [{'x': 10, 'y': 18}], 'controllerId': '10010'}}, 'prompt': '', 'executeCmd': ''}
2026-09-22 06:21:45,735 | round 103 -> {'roleCommandMap': {'10020': {'action': 'attack', 'targetPos': [{'x': 10, 'y': 18}], 'controllerId': '10010'}, '10040': {'action': 'attack', 'targetPos': [{'x': 11, 'y': 21}], 'controllerId': '10011'}}, 'prompt': '', 'executeCmd': ''}
2026-09-22 06:21:45,752 | round 104 -> {'roleCommandMap': {'10020': {'action': 'attack', 'targetPos': [{'x': 11, 'y': 17}], 'controllerId': '10010'}}, 'prompt': '', 'executeCmd': ''}
2026-09-22 06:21:45,767 | round 105 -> {'roleCommandMap': {'10020': {'action': 'attack', 'targetPos': [{'x': 10, 'y': 18}], 'controllerId': '10010'}}, 'prompt': '', 'executeCmd': ''}
2026-09-22 06:21:45,782 | round 106 -> {'roleCommandMap': {'10020': {'action': 'attack', 'targetPos': [{'x': 10, 'y': 18}], 'controllerId': '10010'}}, 'prompt': '', 'executeCmd': ''}
2026-09-22 06:21:45,805 | round 107 -> {'roleCommandMap': {'10020': {'action': 'attack', 'targetPos': [{'x': 10, 'y': 18}], 'controllerId': '10010'}, '10040': {'action': 'attack', 'targetPos': [{'x': 11, 'y': 21}], 'controllerId': '10011'}}, 'prompt': '', 'executeCmd': ''}
2026-09-22 06:21:45,821 | round 108 -> {'roleCommandMap': {'10020': {'action': 'attack', 'targetPos': [{'x': 11, 'y': 17}], 'controllerId': '10010'}}, 'prompt': '', 'executeCmd': ''}
2026-09-22 06:21:45,835 | round 109 -> {'roleCommandMap': {'10020': {'action': 'attack', 'targetPos': [{'x': 10, 'y': 18}], 'controllerId': '10010'}}, 'prompt': '', 'executeCmd': ''}
2026-09-22 06:21:45,855 | round 110 -> {'roleCommandMap': {'10020': {'action': 'attack', 'targetPos': [{'x': 10, 'y': 18}], 'controllerId': '10010'}}, 'prompt': '', 'executeCmd': ''}
2026-09-22 06:21:45,871 | round 111 -> {'roleCommandMap': {'10020': {'action': 'attack', 'targetPos': [{'x': 11, 'y': 18}], 'controllerId': '10010'}, '10040': {'action': 'attack', 'targetPos': [{'x': 11, 'y': 25}], 'controllerId': '10011'}}, 'prompt': '', 'executeCmd': ''}
2026-09-22 06:21:45,889 | round 112 -> {'roleCommandMap': {'10020': {'action': 'attack', 'targetPos': [{'x': 11, 'y': 21}], 'controllerId': '10010'}}, 'prompt': '', 'executeCmd': ''}
2026-09-22 06:21:45,905 | round 113 -> {'roleCommandMap': {'10020': {'action': 'attack', 'targetPos': [{'x': 11, 'y': 18}], 'controllerId': '10010'}}, 'prompt': '', 'executeCmd': ''}
2026-09-22 06:21:45,926 | round 114 -> {'roleCommandMap': {'10020': {'action': 'attack', 'targetPos': [{'x': 11, 'y': 21}], 'controllerId': '10010'}}, 'prompt': '', 'executeCmd': ''}
2026-09-22 06:21:45,941 | round 115 -> {'roleCommandMap': {'10020': {'action': 'attack', 'targetPos': [{'x': 11, 'y': 18}], 'controllerId': '10010'}, '10040': {'action': 'attack', 'targetPos': [{'x': 9, 'y': 25}], 'controllerId': '10011'}}, 'prompt': '', 'executeCmd': ''}
2026-09-22 06:21:45,959 | round 116 -> {'roleCommandMap': {'10020': {'action': 'attack', 'targetPos': [{'x': 11, 'y': 21}], 'controllerId': '10010'}}, 'prompt': '', 'executeCmd': ''}
2026-09-22 06:21:45,979 | round 117 -> {'roleCommandMap': {'10020': {'action': 'attack', 'targetPos': [{'x': 11, 'y': 18}], 'controllerId': '10010'}}, 'prompt': '', 'executeCmd': ''}
2026-09-22 06:21:45,992 | round 118 -> {'roleCommandMap': {'10020': {'action': 'attack', 'targetPos': [{'x': 11, 'y': 18}], 'controllerId': '10010'}}, 'prompt': '', 'executeCmd': ''}
2026-09-22 06:21:46,005 | round 119 -> {'roleCommandMap': {'10020': {'action': 'attack', 'targetPos': [{'x': 11, 'y': 18}], 'controllerId': '10010'}, '10040': {'action': 'attack', 'targetPos': [{'x': 11, 'y': 25}], 'controllerId': '10011'}}, 'prompt': '', 'executeCmd': ''}
2026-09-22 06:21:46,073 | round 120 -> {'roleCommandMap': {'10020': {'action': 'attack', 'targetPos': [{'x': 11, 'y': 21}], 'controllerId': '10010'}}, 'prompt': '', 'executeCmd': ''}
2026-09-22 06:21:46,137 | round 121 -> {'roleCommandMap': {'10020': {'action': 'attack', 'targetPos': [{'x': 11, 'y': 18}], 'controllerId': '10010'}}, 'prompt': '', 'executeCmd': ''}
2026-09-22 06:21:46,208 | round 122 -> {'roleCommandMap': {'10020': {'action': 'attack', 'targetPos': [{'x': 11, 'y': 21}], 'controllerId': '10010'}}, 'prompt': '', 'executeCmd': ''}
2026-09-22 06:21:46,265 | round 123 -> {'roleCommandMap': {'10020': {'action': 'attack', 'targetPos': [{'x': 11, 'y': 18}], 'controllerId': '10010'}, '10040': {'action': 'attack', 'targetPos': [{'x': 11, 'y': 21}], 'controllerId': '10011'}}, 'prompt': '', 'executeCmd': ''}
2026-09-22 06:21:46,343 | round 124 -> {'roleCommandMap': {'10020': {'action': 'attack', 'targetPos': [{'x': 11, 'y': 18}], 'controllerId': '10010'}}, 'prompt': '', 'executeCmd': ''}
2026-09-22 06:21:46,460 | round 125 -> {'roleCommandMap': {'10020': {'action': 'attack', 'targetPos': [{'x': 11, 'y': 18}], 'controllerId': '10010'}}, 'prompt': '', 'executeCmd': ''}
2026-09-22 06:21:46,555 | round 126 -> {'roleCommandMap': {'10020': {'action': 'attack', 'targetPos': [{'x': 11, 'y': 21}], 'controllerId': '10010'}}, 'prompt': '', 'executeCmd': ''}
2026-09-22 06:21:46,623 | round 127 -> {'roleCommandMap': {'10020': {'action': 'attack', 'targetPos': [{'x': 11, 'y': 18}], 'controllerId': '10010'}, '10040': {'action': 'attack', 'targetPos': [{'x': 11, 'y': 25}], 'controllerId': '10011'}}, 'prompt': '', 'executeCmd': ''}
2026-09-22 06:21:46,696 | round 128 -> {'roleCommandMap': {'10020': {'action': 'attack', 'targetPos': [{'x': 11, 'y': 21}], 'controllerId': '10010'}}, 'prompt': '', 'executeCmd': ''}
2026-09-22 06:21:46,761 | round 129 -> {'roleCommandMap': {'10020': {'action': 'attack', 'targetPos': [{'x': 11, 'y': 21}], 'controllerId': '10010'}}, 'prompt': '', 'executeCmd': ''}
2026-09-22 06:21:46,830 | round 130 -> {'roleCommandMap': {'10020': {'action': 'attack', 'targetPos': [{'x': 11, 'y': 21}], 'controllerId': '10010'}}, 'prompt': '', 'executeCmd': ''}
2026-09-22 06:21:46,898 | round 131 -> {'roleCommandMap': {'10010': {'action': 'move', 'targetPos': [{'x': 10, 'y': 20}]}}, 'prompt': '', 'executeCmd': ''}
2026-09-22 06:21:46,904 | round 132 -> {'roleCommandMap': {'10010': {'action': 'move', 'targetPos': [{'x': 11, 'y': 20}]}}, 'prompt': '', 'executeCmd': ''}
2026-09-22 06:21:46,911 | round 133 -> {'roleCommandMap': {'10010': {'action': 'build', 'targetPos': [{'x': 12, 'y': 21}], 'name': 'wall'}}, 'prompt': '', 'executeCmd': ''}
2026-09-22 06:21:46,921 | round 134 -> {'roleCommandMap': {'10010': {'action': 'move', 'targetPos': [{'x': 11, 'y': 21}]}}, 'prompt': '', 'executeCmd': ''}
2026-09-22 06:21:46,931 | round 135 -> {'roleCommandMap': {'10010': {'action': 'build', 'targetPos': [{'x': 12, 'y': 22}], 'name': 'wall'}, '10011': {'action': 'move', 'targetPos': [{'x': 9, 'y': 23}]}}, 'prompt': '', 'executeCmd': ''}
2026-09-22 06:21:46,940 | round 136 -> {'roleCommandMap': {'10010': {'action': 'move', 'targetPos': [{'x': 11, 'y': 22}]}, '10011': {'action': 'move', 'targetPos': [{'x': 10, 'y': 23}]}}, 'prompt': '', 'executeCmd': ''}
2026-09-22 06:21:46,951 | round 137 -> {'roleCommandMap': {'10010': {'action': 'move', 'targetPos': [{'x': 12, 'y': 23}]}, '10011': {'action': 'move', 'targetPos': [{'x': 11, 'y': 23}]}}, 'prompt': '', 'executeCmd': ''}
2026-09-22 06:21:46,960 | round 138 -> {'roleCommandMap': {'10010': {'action': 'move', 'targetPos': [{'x': 13, 'y': 24}]}, '10011': {'action': 'move', 'targetPos': [{'x': 11, 'y': 22}]}}, 'prompt': '', 'executeCmd': ''}
2026-09-22 06:21:46,968 | round 139 -> {'roleCommandMap': {'10010': {'action': 'move', 'targetPos': [{'x': 12, 'y': 25}]}, '10011': {'action': 'move', 'targetPos': [{'x': 11, 'y': 21}]}}, 'prompt': '', 'executeCmd': ''}
2026-09-22 06:21:47,000 | round 140 -> {'roleCommandMap': {'10010': {'action': 'move', 'targetPos': [{'x': 11, 'y': 26}]}, '10011': {'action': 'move', 'targetPos': [{'x': 12, 'y': 20}]}}, 'prompt': '', 'executeCmd': ''}
2026-09-22 06:21:47,009 | round 141 -> {'roleCommandMap': {'10010': {'action': 'move', 'targetPos': [{'x': 10, 'y': 27}]}, '10011': {'action': 'move', 'targetPos': [{'x': 13, 'y': 19}]}}, 'prompt': '', 'executeCmd': ''}
2026-09-22 06:21:47,017 | round 142 -> {'roleCommandMap': {'10010': {'action': 'move', 'targetPos': [{'x': 9, 'y': 28}]}, '10011': {'action': 'move', 'targetPos': [{'x': 13, 'y': 18}]}}, 'prompt': '', 'executeCmd': ''}
2026-09-22 06:21:47,024 | round 143 -> {'roleCommandMap': {'10010': {'action': 'move', 'targetPos': [{'x': 8, 'y': 29}]}, '10011': {'action': 'move', 'targetPos': [{'x': 14, 'y': 17}]}}, 'prompt': '', 'executeCmd': ''}
2026-09-22 06:21:47,033 | round 144 -> {'roleCommandMap': {'10010': {'action': 'collect', 'targetPos': [{'x': 9, 'y': 30}]}, '10011': {'action': 'move', 'targetPos': [{'x': 15, 'y': 16}]}}, 'prompt': '', 'executeCmd': ''}
2026-09-22 06:21:47,041 | round 145 -> {'roleCommandMap': {'10010': {'action': 'collect', 'targetPos': [{'x': 9, 'y': 30}]}, '10011': {'action': 'acceptTask'}}, 'prompt': '', 'executeCmd': ''}
2026-09-22 06:21:47,643 | round 146 -> {'roleCommandMap': {'10010': {'action': 'collect', 'targetPos': [{'x': 9, 'y': 30}]}}, 'prompt': '', 'executeCmd': 'cat task_2_beta.md'}
2026-09-22 06:21:47,671 | round 147 -> {'roleCommandMap': {'10010': {'action': 'collect', 'targetPos': [{'x': 9, 'y': 30}]}}, 'prompt': '', 'executeCmd': 'find / -name "task_2_beta.md" -type f 2>/dev/null'}
2026-09-22 06:21:48,332 | round 148 -> {'roleCommandMap': {'10010': {'action': 'move', 'targetPos': [{'x': 9, 'y': 28}]}}, 'prompt': '', 'executeCmd': 'cat /tmp/selfEvolutionTask/1-fixed-step/2-engineering-fix/task_2_beta.md'}
2026-09-22 06:21:48,360 | round 149 -> {'roleCommandMap': {'10010': {'action': 'move', 'targetPos': [{'x': 10, 'y': 27}]}}, 'prompt': '', 'executeCmd': 'cd /tmp/selfEvolutionTask/1-fixed-step/2-engineering-fix/ws_2 && cat spec.md'}
2026-09-22 06:21:48,395 | round 150 -> {'roleCommandMap': {'10010': {'action': 'move', 'targetPos': [{'x': 11, 'y': 26}]}}, 'prompt': '', 'executeCmd': 'cd /tmp/selfEvolutionTask/1-fixed-step/2-engineering-fix/ws_2 && ./check'}
2026-09-22 06:21:48,419 | round 151 -> {'roleCommandMap': {'10010': {'action': 'move', 'targetPos': [{'x': 12, 'y': 25}]}, '10012': {'action': 'move', 'targetPos': [{'x': 9, 'y': 23}]}}, 'prompt': '', 'executeCmd': 'cd /tmp/selfEvolutionTask/1-fixed-step/2-engineering-fix/ws_2 && ./check 2>&1'}
2026-09-22 06:21:48,441 | round 152 -> {'roleCommandMap': {'10010': {'action': 'move', 'targetPos': [{'x': 13, 'y': 24}]}, '10012': {'action': 'move', 'targetPos': [{'x': 10, 'y': 23}]}}, 'prompt': '', 'executeCmd': ''}
2026-09-22 06:21:48,449 | round 153 -> {'roleCommandMap': {'10010': {'action': 'build', 'targetPos': [{'x': 12, 'y': 23}], 'name': 'wall'}, '10012': {'action': 'move', 'targetPos': [{'x': 11, 'y': 22}]}}, 'prompt': '任务描述：请阅读task_2_beta.md，获取任务信息\n沙盒执行结果：\n  [1] [exitCode:1]\ncat: task_2_beta.md: No such file or directory\n\n  [2] [exitCode:1]\n/tmp/selfEvolutionTask/1-fixed-step/2-engineering-fix/task_2_beta.md\n\n  [3] [exitCode:0]\n# 自进化任务 B-2：修复应用 beta 部署\r\n\r\n## 任务背景\r\n\r\n继续你的运维工作，保障抵抗军前线系统的稳定。应用 `beta` 的部署环境在本任务文件所在目录的 `ws_2/`（`/tmp/selfEvolutionTask/1-fixed-step/2-engineering-fix/ws_2/`）中，存在类似的部署错误。请进入该目录，修复所有问题。\r\n\r\n## 任务要求\r\n\r\n1. 进入工作区：`cd /tmp/selfEvolutionTask/1-fixed-step/2-engineering-fix/ws_2/`\r\n2. 阅读 `spec.md`\r\n3. 修复所有问题\r\n4. 运行 `./check` 直到全部通过\r\n5. 当 `./check` 全部通过并输出 `TOKEN: xxx` 时，任务完成\r\n\r\n## 提交规则\r\n\r\n- 任务完成以 `./check` 输出 `TOKEN: xxx` 为准，通过`submitAnswer`来提交答案，形式：\r\n\r\n  ```\r\n  {"token": "xxx"}\r\n  ```\r\n\r\n- 你可以反复运行 `./check` 查看进度，直到全部通过\r\n\r\n## 提示\r\n\r\n- 如果你在上一个任务中已经整理了 SOP，现在可以直接使用\r\n\n  [4] [exitCode:0]\n# 应用 beta 部署规范\r\n\r\n## 目录要求\r\n- logs/beta/ 必须存在，权限为 755\r\n\r\n## 配置文件 config/beta.conf\r\n- 第 3 行：`port 9090`\r\n- 第 6 行：`name beta-svc`\r\n\r\n## 脚本要求\r\n- bin/start.sh 必须存在且可执行（权限 755）\r\n\n  [5] [exitCode:126]\n/bin/bash: ./check: /bin/sh^M: bad interpreter: No such file or directory\n\n  [6] [exitCode:126]\n/bin/bash: ./check: /bin/sh^M: bad interpreter: No such file or directory\n\n请根据以上信息给出任务的答案。\n答案格式参考任务文件中的提交示例：submitAnswer`来提交答案，形式：\r\n\r\n  ```\r\n  {"token": "xxx"}', 'executeCmd': ''}
2026-09-22 06:22:30,208 | round 154 -> {'roleCommandMap': {'10010': {'action': 'move', 'targetPos': [{'x': 13, 'y': 23}]}, '10012': {'action': 'move', 'targetPos': [{'x': 11, 'y': 21}]}}, 'prompt': '', 'executeCmd': ''}
2026-09-22 06:22:30,217 | round 155 -> {'roleCommandMap': {'10010': {'action': 'move', 'targetPos': [{'x': 13, 'y': 22}]}, '10012': {'action': 'move', 'targetPos': [{'x': 12, 'y': 20}]}}, 'prompt': '', 'executeCmd': ''}
2026-09-22 06:22:30,226 | round 156 -> {'roleCommandMap': {'10010': {'action': 'move', 'targetPos': [{'x': 13, 'y': 21}]}, '10012': {'action': 'move', 'targetPos': [{'x': 13, 'y': 19}]}}, 'prompt': '', 'executeCmd': ''}
2026-09-22 06:22:30,236 | round 157 -> {'roleCommandMap': {'10010': {'action': 'move', 'targetPos': [{'x': 13, 'y': 20}]}, '10012': {'action': 'move', 'targetPos': [{'x': 13, 'y': 18}]}}, 'prompt': '', 'executeCmd': ''}
2026-09-22 06:22:30,245 | round 158 -> {'roleCommandMap': {'10010': {'action': 'move', 'targetPos': [{'x': 13, 'y': 19}]}, '10012': {'action': 'collect', 'targetPos': [{'x': 14, 'y': 17}]}}, 'prompt': '', 'executeCmd': ''}
2026-09-22 06:22:30,254 | round 159 -> {'roleCommandMap': {'10010': {'action': 'move', 'targetPos': [{'x': 12, 'y': 18}]}, '10012': {'action': 'collect', 'targetPos': [{'x': 14, 'y': 17}]}}, 'prompt': '', 'executeCmd': ''}
2026-09-22 06:22:30,261 | round 160 -> {'roleCommandMap': {'10010': {'action': 'move', 'targetPos': [{'x': 13, 'y': 17}]}, '10012': {'action': 'collect', 'targetPos': [{'x': 14, 'y': 17}]}}, 'prompt': '', 'executeCmd': ''}
2026-09-22 06:22:30,268 | round 161 -> {'roleCommandMap': {'10010': {'action': 'collect', 'targetPos': [{'x': 14, 'y': 17}]}, '10012': {'action': 'move', 'targetPos': [{'x': 12, 'y': 17}]}}, 'prompt': '', 'executeCmd': ''}
2026-09-22 06:22:30,277 | round 162 -> {'roleCommandMap': {'10010': {'action': 'collect', 'targetPos': [{'x': 14, 'y': 17}]}, '10012': {'action': 'move', 'targetPos': [{'x': 11, 'y': 16}]}}, 'prompt': '', 'executeCmd': ''}
2026-09-22 06:22:30,284 | round 163 -> {'roleCommandMap': {'10010': {'action': 'collect', 'targetPos': [{'x': 14, 'y': 17}]}, '10012': {'action': 'move', 'targetPos': [{'x': 10, 'y': 15}]}}, 'prompt': '', 'executeCmd': ''}
2026-09-22 06:22:30,293 | round 164 -> {'roleCommandMap': {'10010': {'action': 'collect', 'targetPos': [{'x': 14, 'y': 17}]}, '10012': {'action': 'move', 'targetPos': [{'x': 9, 'y': 14}]}}, 'prompt': '', 'executeCmd': ''}
2026-09-22 06:22:30,300 | round 165 -> {'roleCommandMap': {'10010': {'action': 'collect', 'targetPos': [{'x': 14, 'y': 17}]}, '10012': {'action': 'move', 'targetPos': [{'x': 8, 'y': 14}]}}, 'prompt': '', 'executeCmd': ''}
2026-09-22 06:22:30,307 | round 166 -> {'roleCommandMap': {'10010': {'action': 'collect', 'targetPos': [{'x': 14, 'y': 17}]}, '10012': {'action': 'move', 'targetPos': [{'x': 7, 'y': 15}]}}, 'prompt': '', 'executeCmd': ''}
2026-09-22 06:22:30,318 | round 167 -> {'roleCommandMap': {'10010': {'action': 'collect', 'targetPos': [{'x': 14, 'y': 17}]}, '10012': {'action': 'move', 'targetPos': [{'x': 6, 'y': 16}]}}, 'prompt': '', 'executeCmd': ''}
2026-09-22 06:22:30,325 | round 168 -> {'roleCommandMap': {'10010': {'action': 'move', 'targetPos': [{'x': 12, 'y': 16}]}, '10012': {'action': 'move', 'targetPos': [{'x': 5, 'y': 17}]}}, 'prompt': '', 'executeCmd': ''}
2026-09-22 06:22:30,333 | round 169 -> {'roleCommandMap': {'10010': {'action': 'move', 'targetPos': [{'x': 11, 'y': 15}]}, '10012': {'action': 'move', 'targetPos': [{'x': 4, 'y': 18}]}}, 'prompt': '', 'executeCmd': ''}
2026-09-22 06:22:30,341 | round 170 -> {'roleCommandMap': {'10010': {'action': 'collect', 'targetPos': [{'x': 12, 'y': 14}]}, '10012': {'action': 'move', 'targetPos': [{'x': 3, 'y': 19}]}, '10011': {'action': 'acceptTask'}}, 'prompt': '', 'executeCmd': ''}
2026-09-22 06:22:30,350 | round 171 -> {'roleCommandMap': {'10010': {'action': 'collect', 'targetPos': [{'x': 12, 'y': 14}]}, '10012': {'action': 'move', 'targetPos': [{'x': 2, 'y': 20}]}}, 'prompt': '', 'executeCmd': ''}
2026-09-22 06:22:30,356 | round 172 -> {'roleCommandMap': {'10010': {'action': 'collect', 'targetPos': [{'x': 12, 'y': 14}]}, '10012': {'action': 'collect', 'targetPos': [{'x': 1, 'y': 21}]}}, 'prompt': '', 'executeCmd': ''}
2026-09-22 06:22:30,365 | round 173 -> {'roleCommandMap': {'10010': {'action': 'collect', 'targetPos': [{'x': 12, 'y': 14}]}, '10012': {'action': 'collect', 'targetPos': [{'x': 1, 'y': 21}]}}, 'prompt': '', 'executeCmd': ''}
2026-09-22 06:22:30,370 | round 174 -> {'roleCommandMap': {'10010': {'action': 'collect', 'targetPos': [{'x': 12, 'y': 14}]}, '10012': {'action': 'collect', 'targetPos': [{'x': 1, 'y': 21}]}}, 'prompt': '', 'executeCmd': ''}
2026-09-22 06:22:30,377 | round 175 -> {'roleCommandMap': {'10010': {'action': 'collect', 'targetPos': [{'x': 12, 'y': 14}]}, '10012': {'action': 'collect', 'targetPos': [{'x': 1, 'y': 21}]}}, 'prompt': '', 'executeCmd': ''}
2026-09-22 06:22:30,388 | round 176 -> {'roleCommandMap': {'10010': {'action': 'collect', 'targetPos': [{'x': 12, 'y': 14}]}, '10012': {'action': 'move', 'targetPos': [{'x': 1, 'y': 19}]}}, 'prompt': '', 'executeCmd': ''}
2026-09-22 06:22:30,397 | round 177 -> {'roleCommandMap': {'10010': {'action': 'collect', 'targetPos': [{'x': 12, 'y': 14}]}, '10012': {'action': 'move', 'targetPos': [{'x': 0, 'y': 18}]}}, 'prompt': '', 'executeCmd': ''}
2026-09-22 06:22:30,404 | round 178 -> {'roleCommandMap': {'10010': {'action': 'collect', 'targetPos': [{'x': 12, 'y': 14}]}, '10012': {'action': 'move', 'targetPos': [{'x': 0, 'y': 17}]}}, 'prompt': '', 'executeCmd': ''}
2026-09-22 06:22:30,410 | round 179 -> {'roleCommandMap': {'10010': {'action': 'collect', 'targetPos': [{'x': 12, 'y': 14}]}, '10012': {'action': 'move', 'targetPos': [{'x': 0, 'y': 16}]}}, 'prompt': '', 'executeCmd': ''}
2026-09-22 06:22:30,421 | round 180 -> {'roleCommandMap': {'10010': {'action': 'move', 'targetPos': [{'x': 10, 'y': 14}]}, '10012': {'action': 'move', 'targetPos': [{'x': 0, 'y': 15}]}}, 'prompt': '', 'executeCmd': ''}
2026-09-22 06:22:30,431 | round 181 -> {'roleCommandMap': {'10010': {'action': 'move', 'targetPos': [{'x': 9, 'y': 13}]}, '10012': {'action': 'move', 'targetPos': [{'x': 0, 'y': 14}]}}, 'prompt': '', 'executeCmd': ''}
2026-09-22 06:22:30,439 | round 182 -> {'roleCommandMap': {'10010': {'action': 'move', 'targetPos': [{'x': 8, 'y': 12}]}, '10012': {'action': 'move', 'targetPos': [{'x': 0, 'y': 13}]}}, 'prompt': '', 'executeCmd': ''}
2026-09-22 06:22:30,451 | round 183 -> {'roleCommandMap': {'10010': {'action': 'move', 'targetPos': [{'x': 7, 'y': 11}]}, '10012': {'action': 'move', 'targetPos': [{'x': 0, 'y': 12}]}}, 'prompt': '', 'executeCmd': ''}
2026-09-22 06:22:30,458 | round 184 -> {'roleCommandMap': {'10010': {'action': 'move', 'targetPos': [{'x': 6, 'y': 10}]}, '10012': {'action': 'move', 'targetPos': [{'x': 0, 'y': 11}]}}, 'prompt': '', 'executeCmd': ''}
2026-09-22 06:22:30,465 | round 185 -> {'roleCommandMap': {'10010': {'action': 'move', 'targetPos': [{'x': 5, 'y': 9}]}, '10012': {'action': 'collect', 'targetPos': [{'x': 1, 'y': 10}]}}, 'prompt': '', 'executeCmd': ''}
2026-09-22 06:22:30,471 | round 186 -> {'roleCommandMap': {'10010': {'action': 'move', 'targetPos': [{'x': 4, 'y': 8}]}, '10012': {'action': 'collect', 'targetPos': [{'x': 1, 'y': 10}]}}, 'prompt': '', 'executeCmd': ''}
2026-09-22 06:22:30,478 | round 187 -> {'roleCommandMap': {'10010': {'action': 'move', 'targetPos': [{'x': 3, 'y': 9}]}, '10012': {'action': 'collect', 'targetPos': [{'x': 1, 'y': 10}]}}, 'prompt': '', 'executeCmd': ''}
2026-09-22 06:22:30,486 | round 188 -> {'roleCommandMap': {'10010': {'action': 'move', 'targetPos': [{'x': 2, 'y': 10}]}, '10012': {'action': 'collect', 'targetPos': [{'x': 1, 'y': 10}]}}, 'prompt': '', 'executeCmd': ''}
2026-09-22 06:22:30,494 | round 189 -> {'roleCommandMap': {'10010': {'action': 'collect', 'targetPos': [{'x': 1, 'y': 10}]}, '10012': {'action': 'move', 'targetPos': [{'x': 0, 'y': 10}]}}, 'prompt': '', 'executeCmd': ''}
2026-09-22 06:22:30,501 | round 190 -> {'roleCommandMap': {'10010': {'action': 'collect', 'targetPos': [{'x': 1, 'y': 10}]}, '10012': {'action': 'collect', 'targetPos': [{'x': 0, 'y': 9}]}}, 'prompt': '', 'executeCmd': ''}
2026-09-22 06:22:30,516 | round 191 -> {'roleCommandMap': {'10010': {'action': 'collect', 'targetPos': [{'x': 1, 'y': 10}]}, '10012': {'action': 'collect', 'targetPos': [{'x': 0, 'y': 9}]}}, 'prompt': '', 'executeCmd': ''}
2026-09-22 06:22:30,525 | round 192 -> {'roleCommandMap': {'10010': {'action': 'collect', 'targetPos': [{'x': 1, 'y': 10}]}, '10012': {'action': 'collect', 'targetPos': [{'x': 0, 'y': 9}]}}, 'prompt': '', 'executeCmd': ''}
2026-09-22 06:22:30,537 | round 193 -> {'roleCommandMap': {'10010': {'action': 'collect', 'targetPos': [{'x': 1, 'y': 10}]}, '10012': {'action': 'collect', 'targetPos': [{'x': 0, 'y': 9}]}}, 'prompt': '', 'executeCmd': ''}
2026-09-22 06:22:30,544 | round 194 -> {'roleCommandMap': {'10010': {'action': 'collect', 'targetPos': [{'x': 1, 'y': 10}]}, '10012': {'action': 'collect', 'targetPos': [{'x': 0, 'y': 9}]}}, 'prompt': '', 'executeCmd': ''}
2026-09-22 06:22:30,550 | round 195 -> {'roleCommandMap': {'10010': {'action': 'move', 'targetPos': [{'x': 1, 'y': 10}]}, '10012': {'action': 'collect', 'targetPos': [{'x': 0, 'y': 9}]}}, 'prompt': '', 'executeCmd': ''}
2026-09-22 06:22:30,560 | round 196 -> {'roleCommandMap': {'10010': {'action': 'collect', 'targetPos': [{'x': 0, 'y': 9}]}, '10012': {'action': 'move', 'targetPos': [{'x': 0, 'y': 11}]}}, 'prompt': '', 'executeCmd': ''}
2026-09-22 06:22:30,571 | round 197 -> {'roleCommandMap': {'10010': {'action': 'collect', 'targetPos': [{'x': 0, 'y': 9}]}, '10012': {'action': 'move', 'targetPos': [{'x': 0, 'y': 12}]}}, 'prompt': '', 'executeCmd': ''}
2026-09-22 06:22:30,584 | round 198 -> {'roleCommandMap': {'10010': {'action': 'collect', 'targetPos': [{'x': 0, 'y': 9}]}, '10012': {'action': 'move', 'targetPos': [{'x': 0, 'y': 13}]}}, 'prompt': '', 'executeCmd': ''}
2026-09-22 06:22:30,591 | round 199 -> {'roleCommandMap': {'10010': {'action': 'collect', 'targetPos': [{'x': 0, 'y': 9}]}, '10012': {'action': 'move', 'targetPos': [{'x': 0, 'y': 14}]}}, 'prompt': '', 'executeCmd': ''}
2026-09-22 06:22:30,600 | round 200 -> {'roleCommandMap': {'10010': {'action': 'move', 'targetPos': [{'x': 0, 'y': 11}]}, '10012': {'action': 'move', 'targetPos': [{'x': 0, 'y': 15}]}}, 'prompt': '', 'executeCmd': ''}
2026-09-22 06:22:30,615 | round 201 -> {'roleCommandMap': {'10011': {'action': 'move', 'targetPos': [{'x': 14, 'y': 17}]}, '10012': {'action': 'move', 'targetPos': [{'x': 1, 'y': 14}]}, '10010': {'action': 'move', 'targetPos': [{'x': 1, 'y': 12}]}}, 'prompt': '', 'executeCmd': ''}
2026-09-22 06:22:30,647 | round 202 -> {'roleCommandMap': {'10011': {'action': 'move', 'targetPos': [{'x': 13, 'y': 18}]}, '10012': {'action': 'move', 'targetPos': [{'x': 2, 'y': 13}]}}, 'prompt': '', 'executeCmd': ''}
2026-09-22 06:22:30,660 | round 203 -> {'roleCommandMap': {'10011': {'action': 'move', 'targetPos': [{'x': 13, 'y': 19}]}, '10012': {'action': 'move', 'targetPos': [{'x': 3, 'y': 14}]}, '10010': {'action': 'move', 'targetPos': [{'x': 2, 'y': 12}]}}, 'prompt': '', 'executeCmd': ''}
2026-09-22 06:22:30,676 | round 204 -> {'roleCommandMap': {'10011': {'action': 'move', 'targetPos': [{'x': 12, 'y': 20}]}, '10012': {'action': 'move', 'targetPos': [{'x': 4, 'y': 15}]}, '10010': {'action': 'move', 'targetPos': [{'x': 3, 'y': 13}]}}, 'prompt': '', 'executeCmd': ''}
2026-09-22 06:22:30,999 | round 205 -> {'roleCommandMap': {'10011': {'action': 'move', 'targetPos': [{'x': 11, 'y': 20}]}}, 'prompt': '', 'executeCmd': ''}
2026-09-22 06:22:31,014 | round 206 -> {'roleCommandMap': {'10011': {'action': 'move', 'targetPos': [{'x': 10, 'y': 20}]}, '10012': {'action': 'move', 'targetPos': [{'x': 5, 'y': 16}]}, '10010': {'action': 'move', 'targetPos': [{'x': 4, 'y': 14}]}}, 'prompt': '', 'executeCmd': ''}
2026-09-22 06:22:31,033 | round 207 -> {'roleCommandMap': {'10011': {'action': 'move', 'targetPos': [{'x': 9, 'y': 20}]}, '10012': {'action': 'move', 'targetPos': [{'x': 6, 'y': 17}]}, '10010': {'action': 'move', 'targetPos': [{'x': 5, 'y': 15}]}}, 'prompt': '', 'executeCmd': ''}
2026-09-22 06:22:31,051 | round 208 -> {'roleCommandMap': {'10011': {'action': 'move', 'targetPos': [{'x': 10, 'y': 20}]}, '10012': {'action': 'move', 'targetPos': [{'x': 7, 'y': 18}]}, '10010': {'action': 'move', 'targetPos': [{'x': 6, 'y': 16}]}}, 'prompt': '', 'executeCmd': ''}
2026-09-22 06:22:31,067 | round 209 -> {'roleCommandMap': {'10011': {'action': 'move', 'targetPos': [{'x': 9, 'y': 20}]}, '10012': {'action': 'move', 'targetPos': [{'x': 8, 'y': 18}]}, '10010': {'action': 'move', 'targetPos': [{'x': 7, 'y': 17}]}}, 'prompt': '', 'executeCmd': ''}
2026-09-22 06:22:31,086 | round 210 -> {'roleCommandMap': {'10030': {'action': 'attack', 'targetPos': [{'x': 14, 'y': 21}], 'controllerId': '10011'}, '10012': {'action': 'move', 'targetPos': [{'x': 9, 'y': 18}]}, '10010': {'action': 'move', 'targetPos': [{'x': 8, 'y': 17}]}}, 'prompt': '', 'executeCmd': ''}
2026-09-22 06:22:31,101 | round 211 -> {'roleCommandMap': {'10030': {'action': 'attack', 'targetPos': [{'x': 13, 'y': 23}], 'controllerId': '10011'}, '10012': {'action': 'move', 'targetPos': [{'x': 10, 'y': 18}]}, '10010': {'action': 'move', 'targetPos': [{'x': 9, 'y': 17}]}}, 'prompt': '', 'executeCmd': ''}
2026-09-22 06:22:31,114 | round 212 -> {'roleCommandMap': {'10030': {'action': 'attack', 'targetPos': [{'x': 12, 'y': 25}], 'controllerId': '10011'}, '10012': {'action': 'move', 'targetPos': [{'x': 11, 'y': 18}]}, '10010': {'action': 'move', 'targetPos': [{'x': 10, 'y': 17}]}}, 'prompt': '', 'executeCmd': ''}
2026-09-22 06:22:31,130 | round 213 -> {'roleCommandMap': {'10030': {'action': 'attack', 'targetPos': [{'x': 11, 'y': 25}], 'controllerId': '10011'}, '10012': {'action': 'move', 'targetPos': [{'x': 12, 'y': 18}]}, '10010': {'action': 'move', 'targetPos': [{'x': 11, 'y': 17}]}}, 'prompt': '', 'executeCmd': ''}
2026-09-22 06:22:31,145 | round 214 -> {'roleCommandMap': {'10030': {'action': 'attack', 'targetPos': [{'x': 12, 'y': 25}], 'controllerId': '10011'}, '10010': {'action': 'move', 'targetPos': [{'x': 12, 'y': 17}]}, '10012': {'action': 'move', 'targetPos': [{'x': 13, 'y': 19}]}}, 'prompt': '', 'executeCmd': ''}
2026-09-22 06:22:31,160 | round 215 -> {'roleCommandMap': {'10030': {'action': 'attack', 'targetPos': [{'x': 11, 'y': 25}], 'controllerId': '10011'}, '10010': {'action': 'move', 'targetPos': [{'x': 13, 'y': 18}]}, '10012': {'action': 'move', 'targetPos': [{'x': 13, 'y': 19}]}}, 'prompt': '', 'executeCmd': ''}
2026-09-22 06:22:31,177 | round 216 -> {'roleCommandMap': {'10020': {'action': 'attack', 'targetPos': [{'x': 11, 'y': 23}], 'controllerId': '10011'}, '10012': {'action': 'move', 'targetPos': [{'x': 13, 'y': 19}]}}, 'prompt': '', 'executeCmd': ''}
2026-09-22 06:22:31,193 | round 217 -> {'roleCommandMap': {'10020': {'action': 'attack', 'targetPos': [{'x': 11, 'y': 23}], 'controllerId': '10011'}, '10012': {'action': 'move', 'targetPos': [{'x': 13, 'y': 19}]}}, 'prompt': '', 'executeCmd': ''}
2026-09-22 06:22:31,212 | round 218 -> {'roleCommandMap': {'10020': {'action': 'attack', 'targetPos': [{'x': 11, 'y': 23}], 'controllerId': '10011'}, '10012': {'action': 'move', 'targetPos': [{'x': 13, 'y': 19}]}}, 'prompt': '', 'executeCmd': ''}
2026-09-22 06:22:31,232 | round 219 -> {'roleCommandMap': {'10020': {'action': 'attack', 'targetPos': [{'x': 11, 'y': 23}], 'controllerId': '10011'}, '10012': {'action': 'move', 'targetPos': [{'x': 13, 'y': 19}]}}, 'prompt': '', 'executeCmd': ''}
2026-09-22 06:22:31,248 | round 220 -> {'roleCommandMap': {'10030': {'action': 'attack', 'targetPos': [{'x': 12, 'y': 25}], 'controllerId': '10011'}, '10012': {'action': 'move', 'targetPos': [{'x': 13, 'y': 19}]}}, 'prompt': '', 'executeCmd': ''}
2026-09-22 06:22:31,265 | round 221 -> {'roleCommandMap': {'10020': {'action': 'attack', 'targetPos': [{'x': 11, 'y': 23}], 'controllerId': '10011'}, '10012': {'action': 'move', 'targetPos': [{'x': 13, 'y': 19}]}}, 'prompt': '', 'executeCmd': ''}
2026-09-22 06:22:31,278 | round 222 -> {'roleCommandMap': {'10020': {'action': 'attack', 'targetPos': [{'x': 11, 'y': 23}], 'controllerId': '10011'}, '10012': {'action': 'move', 'targetPos': [{'x': 13, 'y': 19}]}}, 'prompt': '', 'executeCmd': ''}
2026-09-22 06:22:31,292 | round 223 -> {'roleCommandMap': {'10020': {'action': 'attack', 'targetPos': [{'x': 11, 'y': 18}], 'controllerId': '10011'}, '10012': {'action': 'move', 'targetPos': [{'x': 13, 'y': 19}]}}, 'prompt': '', 'executeCmd': ''}
2026-09-22 06:22:31,401 | round 224 -> {'roleCommandMap': {'10020': {'action': 'attack', 'targetPos': [{'x': 11, 'y': 18}], 'controllerId': '10011'}}, 'prompt': '', 'executeCmd': ''}
2026-09-22 06:22:31,517 | round 225 -> {'roleCommandMap': {'10020': {'action': 'attack', 'targetPos': [{'x': 11, 'y': 21}], 'controllerId': '10011'}}, 'prompt': '', 'executeCmd': ''}
2026-09-22 06:22:31,624 | round 226 -> {'roleCommandMap': {'10020': {'action': 'attack', 'targetPos': [{'x': 11, 'y': 21}], 'controllerId': '10011'}}, 'prompt': '', 'executeCmd': ''}
2026-09-22 06:22:31,634 | round 227 -> {'roleCommandMap': {'10020': {'action': 'attack', 'targetPos': [{'x': 11, 'y': 17}], 'controllerId': '10011'}}, 'prompt': '', 'executeCmd': ''}
2026-09-22 06:22:31,644 | round 228 -> {'roleCommandMap': {'10020': {'action': 'attack', 'targetPos': [{'x': 9, 'y': 18}], 'controllerId': '10011'}}, 'prompt': '', 'executeCmd': ''}
2026-09-22 06:22:31,653 | round 229 -> {'roleCommandMap': {'10020': {'action': 'attack', 'targetPos': [{'x': 10, 'y': 18}], 'controllerId': '10011'}}, 'prompt': '', 'executeCmd': ''}
2026-09-22 06:22:31,663 | round 230 -> {'roleCommandMap': {'10020': {'action': 'attack', 'targetPos': [{'x': 9, 'y': 18}], 'controllerId': '10011'}}, 'prompt': '', 'executeCmd': ''}
2026-09-22 06:22:31,674 | round 231 -> {'roleCommandMap': {'10020': {'action': 'attack', 'targetPos': [{'x': 10, 'y': 18}], 'controllerId': '10011'}}, 'prompt': '', 'executeCmd': ''}
2026-09-22 06:22:31,684 | round 232 -> {'roleCommandMap': {'10020': {'action': 'attack', 'targetPos': [{'x': 9, 'y': 18}], 'controllerId': '10011'}}, 'prompt': '', 'executeCmd': ''}
2026-09-22 06:22:31,693 | round 233 -> {'roleCommandMap': {'10020': {'action': 'attack', 'targetPos': [{'x': 10, 'y': 18}], 'controllerId': '10011'}}, 'prompt': '', 'executeCmd': ''}
2026-09-22 06:22:31,702 | round 234 -> {'roleCommandMap': {'10020': {'action': 'attack', 'targetPos': [{'x': 9, 'y': 18}], 'controllerId': '10011'}}, 'prompt': '', 'executeCmd': ''}
2026-09-22 06:22:31,712 | round 235 -> {'roleCommandMap': {'10020': {'action': 'attack', 'targetPos': [{'x': 10, 'y': 18}], 'controllerId': '10011'}}, 'prompt': '', 'executeCmd': ''}
2026-09-22 06:22:31,721 | round 236 -> {'roleCommandMap': {'10020': {'action': 'attack', 'targetPos': [{'x': 9, 'y': 18}], 'controllerId': '10011'}}, 'prompt': '', 'executeCmd': ''}
2026-09-22 06:22:31,730 | round 237 -> {'roleCommandMap': {'10020': {'action': 'attack', 'targetPos': [{'x': 10, 'y': 18}], 'controllerId': '10011'}}, 'prompt': '', 'executeCmd': ''}
